// Jest Snapshot v1, https://goo.gl/fbAQLP

exports[`MatterSidebarFooter Tests render should render 1`] = `
<div
  class="matter-sidebar-footer"
/>
`;
